2017/08/16 12:07:18 LỖI:Lỗi ghi file
